
[TestNodeInfoResponseStructure - 1]
Unmarshalled NodeInfoResponse
responses.NodeInfoResponse{
    Host:        "9e6e14cf5532",
    Version:     "8.6.1",
    HTTPAddress: "0.0.0.0:9600",
    ID:          "a2c7110e-5ccf-4226-bc9b-e773710e66a0",
    Name:        "9e6e14cf5532",
    Status:      "green",
    Snapshot:    false,
    Pipeline:    responses.PipelineResponse{Workers:16, BatchSize:125, BatchDelay:50, ConfigReloadAutomatic:false, ConfigReloadInterval:0},
    Os:          responses.OsResponse{
        Cgroup: struct { CpuAcct responses.CpuAcctResponse "json:\"cpuacct\""; Cpu responses.CpuResponse "json:\"cpu\"" }{
            CpuAcct: responses.CpuAcctResponse{ControlGroup:"/", UsageNanos:5154533381900},
            Cpu:     responses.CpuResponse{ControlGroup:"/", CfsQuotaMicros:-1, CfsPeriodMicros:100000},
        },
    },
    Jvm: responses.JvmResponse{
        Pid:               0,
        Version:           "",
        VMName:            "",
        VMVersion:         "",
        VMVendor:          "",
        StartTimeInMillis: 0,
        Mem:               struct { HeapInitInBytes int "json:\"heap_init_in_bytes\""; HeapMaxInBytes int "json:\"heap_max_in_bytes\""; NonHeapInitInBytes int "json:\"non_heap_init_in_bytes\""; NonHeapMaxInBytes int "json:\"non_heap_max_in_bytes\"" }{HeapInitInBytes:0, HeapMaxInBytes:1073741822, NonHeapInitInBytes:0, NonHeapMaxInBytes:0},
        GcCollectors:      nil,
    },
    Queue: responses.QueueResponse{},
}
---
