
[TestNodeInfoResponseStructure - 1]
Unmarshalled NodeInfoResponse
responses.NodeInfoResponse{
    Host:          "814a8393fbd5",
    Version:       "8.15.0",
    HTTPAddress:   "0.0.0.0:9600",
    ID:            "690de5cc-deb1-48d9-ba02-d4ec1b22e62a",
    Name:          "814a8393fbd5",
    EphemeralID:   "eb4d9042-5642-4e21-bb8d-27454b81c5bc",
    Status:        "green",
    Snapshot:      false,
    Pipeline:      struct { Workers int "json:\"workers\""; BatchSize int "json:\"batch_size\""; BatchDelay int "json:\"batch_delay\"" }{Workers:10, BatchSize:125, BatchDelay:50},
    BuildDate:     "2024-07-24T09:37:48+00:00",
    BuildSHA:      "46b996c24da17cdc7a16bc3037edab5c6132ccd0",
    BuildSnapshot: false,
}
---
