
[TestNodeInfoResponseStructure - 1]
Unmarshalled NodeInfoResponse
responses.NodeInfoResponse{
    Host:          "9e6e14cf5532",
    Version:       "8.6.1",
    HTTPAddress:   "0.0.0.0:9600",
    ID:            "a2c7110e-5ccf-4226-bc9b-e773710e66a0",
    Name:          "9e6e14cf5532",
    EphemeralID:   "4a2ee04f-2733-4eaa-887d-675bad27f07c",
    Status:        "green",
    Snapshot:      false,
    Pipeline:      struct { Workers int "json:\"workers\""; BatchSize int "json:\"batch_size\""; BatchDelay int "json:\"batch_delay\"" }{Workers:16, BatchSize:125, BatchDelay:50},
    BuildDate:     "2023-01-24T10:41:55+00:00",
    BuildSHA:      "6a248b5091c490f09460db5651e5239d903b97cf",
    BuildSnapshot: false,
}
---
